------------------------------------------------------------
TimeQuest Timing Analyzer Summary
------------------------------------------------------------

Type  : Slow 1200mV 85C Model Setup 'SW_choose'
Slack : -10.610
TNS   : -476.425

Type  : Slow 1200mV 85C Model Setup 'clk_div:mem|div_clk'
Slack : -9.588
TNS   : -164.864

Type  : Slow 1200mV 85C Model Setup 'clk'
Slack : -4.310
TNS   : -367.229

Type  : Slow 1200mV 85C Model Setup 'clk_div:light|div_clk'
Slack : -3.407
TNS   : -147.730

Type  : Slow 1200mV 85C Model Setup 'clk_div:delay|div_clk'
Slack : -2.806
TNS   : -2.806

Type  : Slow 1200mV 85C Model Hold 'clk'
Slack : -1.063
TNS   : -1.063

Type  : Slow 1200mV 85C Model Hold 'SW_choose'
Slack : 0.452
TNS   : 0.000

Type  : Slow 1200mV 85C Model Hold 'clk_div:mem|div_clk'
Slack : 0.452
TNS   : 0.000

Type  : Slow 1200mV 85C Model Hold 'clk_div:delay|div_clk'
Slack : 0.485
TNS   : 0.000

Type  : Slow 1200mV 85C Model Hold 'clk_div:light|div_clk'
Slack : 2.941
TNS   : 0.000

Type  : Slow 1200mV 85C Model Minimum Pulse Width 'SW_choose'
Slack : -3.201
TNS   : -159.362

Type  : Slow 1200mV 85C Model Minimum Pulse Width 'clk_div:mem|div_clk'
Slack : -3.201
TNS   : -99.152

Type  : Slow 1200mV 85C Model Minimum Pulse Width 'clk'
Slack : -3.000
TNS   : -153.187

Type  : Slow 1200mV 85C Model Minimum Pulse Width 'clk_div:light|div_clk'
Slack : -1.487
TNS   : -68.402

Type  : Slow 1200mV 85C Model Minimum Pulse Width 'clk_div:delay|div_clk'
Slack : -1.487
TNS   : -4.461

Type  : Slow 1200mV 0C Model Setup 'SW_choose'
Slack : -9.732
TNS   : -435.317

Type  : Slow 1200mV 0C Model Setup 'clk_div:mem|div_clk'
Slack : -9.059
TNS   : -152.823

Type  : Slow 1200mV 0C Model Setup 'clk'
Slack : -4.049
TNS   : -336.067

Type  : Slow 1200mV 0C Model Setup 'clk_div:light|div_clk'
Slack : -3.172
TNS   : -136.582

Type  : Slow 1200mV 0C Model Setup 'clk_div:delay|div_clk'
Slack : -2.470
TNS   : -2.470

Type  : Slow 1200mV 0C Model Hold 'clk'
Slack : -0.990
TNS   : -0.990

Type  : Slow 1200mV 0C Model Hold 'SW_choose'
Slack : 0.259
TNS   : 0.000

Type  : Slow 1200mV 0C Model Hold 'clk_div:mem|div_clk'
Slack : 0.400
TNS   : 0.000

Type  : Slow 1200mV 0C Model Hold 'clk_div:delay|div_clk'
Slack : 0.430
TNS   : 0.000

Type  : Slow 1200mV 0C Model Hold 'clk_div:light|div_clk'
Slack : 2.814
TNS   : 0.000

Type  : Slow 1200mV 0C Model Minimum Pulse Width 'SW_choose'
Slack : -3.201
TNS   : -163.990

Type  : Slow 1200mV 0C Model Minimum Pulse Width 'clk_div:mem|div_clk'
Slack : -3.201
TNS   : -99.152

Type  : Slow 1200mV 0C Model Minimum Pulse Width 'clk'
Slack : -3.000
TNS   : -153.187

Type  : Slow 1200mV 0C Model Minimum Pulse Width 'clk_div:light|div_clk'
Slack : -1.487
TNS   : -68.402

Type  : Slow 1200mV 0C Model Minimum Pulse Width 'clk_div:delay|div_clk'
Slack : -1.487
TNS   : -4.597

Type  : Fast 1200mV 0C Model Setup 'SW_choose'
Slack : -3.757
TNS   : -156.859

Type  : Fast 1200mV 0C Model Setup 'clk_div:mem|div_clk'
Slack : -3.426
TNS   : -48.258

Type  : Fast 1200mV 0C Model Setup 'clk'
Slack : -1.326
TNS   : -100.190

Type  : Fast 1200mV 0C Model Setup 'clk_div:light|div_clk'
Slack : -0.818
TNS   : -33.018

Type  : Fast 1200mV 0C Model Setup 'clk_div:delay|div_clk'
Slack : -0.626
TNS   : -0.626

Type  : Fast 1200mV 0C Model Hold 'clk'
Slack : -0.457
TNS   : -0.483

Type  : Fast 1200mV 0C Model Hold 'clk_div:mem|div_clk'
Slack : 0.165
TNS   : 0.000

Type  : Fast 1200mV 0C Model Hold 'SW_choose'
Slack : 0.186
TNS   : 0.000

Type  : Fast 1200mV 0C Model Hold 'clk_div:delay|div_clk'
Slack : 0.201
TNS   : 0.000

Type  : Fast 1200mV 0C Model Hold 'clk_div:light|div_clk'
Slack : 1.113
TNS   : 0.000

Type  : Fast 1200mV 0C Model Minimum Pulse Width 'SW_choose'
Slack : -3.000
TNS   : -166.819

Type  : Fast 1200mV 0C Model Minimum Pulse Width 'clk'
Slack : -3.000
TNS   : -132.495

Type  : Fast 1200mV 0C Model Minimum Pulse Width 'clk_div:mem|div_clk'
Slack : -1.000
TNS   : -54.000

Type  : Fast 1200mV 0C Model Minimum Pulse Width 'clk_div:light|div_clk'
Slack : -1.000
TNS   : -46.000

Type  : Fast 1200mV 0C Model Minimum Pulse Width 'clk_div:delay|div_clk'
Slack : -1.000
TNS   : -3.000

------------------------------------------------------------
