------------------------------------------------------------
TimeQuest Timing Analyzer Summary
------------------------------------------------------------

Type  : Slow 1200mV 85C Model Setup 'SW_choose'
Slack : -10.313
TNS   : -530.938

Type  : Slow 1200mV 85C Model Setup 'clk_div:mem|div_clk'
Slack : -8.840
TNS   : -167.199

Type  : Slow 1200mV 85C Model Setup 'clk_div:delay|div_clk'
Slack : -4.029
TNS   : -4.384

Type  : Slow 1200mV 85C Model Setup 'clk'
Slack : -3.984
TNS   : -375.018

Type  : Slow 1200mV 85C Model Setup 'clk_div:light|div_clk'
Slack : -3.939
TNS   : -152.109

Type  : Slow 1200mV 85C Model Hold 'clk'
Slack : -0.067
TNS   : -0.067

Type  : Slow 1200mV 85C Model Hold 'clk_div:mem|div_clk'
Slack : 0.432
TNS   : 0.000

Type  : Slow 1200mV 85C Model Hold 'SW_choose'
Slack : 0.452
TNS   : 0.000

Type  : Slow 1200mV 85C Model Hold 'clk_div:delay|div_clk'
Slack : 0.485
TNS   : 0.000

Type  : Slow 1200mV 85C Model Hold 'clk_div:light|div_clk'
Slack : 2.775
TNS   : 0.000

Type  : Slow 1200mV 85C Model Minimum Pulse Width 'SW_choose'
Slack : -3.201
TNS   : -160.849

Type  : Slow 1200mV 85C Model Minimum Pulse Width 'clk_div:mem|div_clk'
Slack : -3.201
TNS   : -99.152

Type  : Slow 1200mV 85C Model Minimum Pulse Width 'clk'
Slack : -3.000
TNS   : -153.187

Type  : Slow 1200mV 85C Model Minimum Pulse Width 'clk_div:light|div_clk'
Slack : -1.487
TNS   : -68.402

Type  : Slow 1200mV 85C Model Minimum Pulse Width 'clk_div:delay|div_clk'
Slack : -1.487
TNS   : -4.461

Type  : Slow 1200mV 0C Model Setup 'SW_choose'
Slack : -9.485
TNS   : -488.814

Type  : Slow 1200mV 0C Model Setup 'clk_div:mem|div_clk'
Slack : -8.256
TNS   : -153.936

Type  : Slow 1200mV 0C Model Setup 'clk_div:light|div_clk'
Slack : -3.715
TNS   : -142.079

Type  : Slow 1200mV 0C Model Setup 'clk_div:delay|div_clk'
Slack : -3.643
TNS   : -3.895

Type  : Slow 1200mV 0C Model Setup 'clk'
Slack : -3.642
TNS   : -343.511

Type  : Slow 1200mV 0C Model Hold 'clk'
Slack : -0.024
TNS   : -0.024

Type  : Slow 1200mV 0C Model Hold 'clk_div:mem|div_clk'
Slack : 0.382
TNS   : 0.000

Type  : Slow 1200mV 0C Model Hold 'SW_choose'
Slack : 0.383
TNS   : 0.000

Type  : Slow 1200mV 0C Model Hold 'clk_div:delay|div_clk'
Slack : 0.430
TNS   : 0.000

Type  : Slow 1200mV 0C Model Hold 'clk_div:light|div_clk'
Slack : 2.658
TNS   : 0.000

Type  : Slow 1200mV 0C Model Minimum Pulse Width 'SW_choose'
Slack : -3.201
TNS   : -168.956

Type  : Slow 1200mV 0C Model Minimum Pulse Width 'clk_div:mem|div_clk'
Slack : -3.201
TNS   : -99.594

Type  : Slow 1200mV 0C Model Minimum Pulse Width 'clk'
Slack : -3.000
TNS   : -153.187

Type  : Slow 1200mV 0C Model Minimum Pulse Width 'clk_div:light|div_clk'
Slack : -1.487
TNS   : -68.402

Type  : Slow 1200mV 0C Model Minimum Pulse Width 'clk_div:delay|div_clk'
Slack : -1.487
TNS   : -4.517

Type  : Fast 1200mV 0C Model Setup 'SW_choose'
Slack : -3.647
TNS   : -183.344

Type  : Fast 1200mV 0C Model Setup 'clk_div:mem|div_clk'
Slack : -3.115
TNS   : -46.210

Type  : Fast 1200mV 0C Model Setup 'clk_div:delay|div_clk'
Slack : -1.212
TNS   : -1.212

Type  : Fast 1200mV 0C Model Setup 'clk'
Slack : -1.126
TNS   : -100.832

Type  : Fast 1200mV 0C Model Setup 'clk_div:light|div_clk'
Slack : -1.075
TNS   : -37.045

Type  : Fast 1200mV 0C Model Hold 'clk'
Slack : -0.043
TNS   : -0.043

Type  : Fast 1200mV 0C Model Hold 'SW_choose'
Slack : 0.118
TNS   : 0.000

Type  : Fast 1200mV 0C Model Hold 'clk_div:mem|div_clk'
Slack : 0.177
TNS   : 0.000

Type  : Fast 1200mV 0C Model Hold 'clk_div:delay|div_clk'
Slack : 0.201
TNS   : 0.000

Type  : Fast 1200mV 0C Model Hold 'clk_div:light|div_clk'
Slack : 1.086
TNS   : 0.000

Type  : Fast 1200mV 0C Model Minimum Pulse Width 'SW_choose'
Slack : -3.000
TNS   : -181.791

Type  : Fast 1200mV 0C Model Minimum Pulse Width 'clk'
Slack : -3.000
TNS   : -131.222

Type  : Fast 1200mV 0C Model Minimum Pulse Width 'clk_div:mem|div_clk'
Slack : -1.000
TNS   : -54.000

Type  : Fast 1200mV 0C Model Minimum Pulse Width 'clk_div:light|div_clk'
Slack : -1.000
TNS   : -46.000

Type  : Fast 1200mV 0C Model Minimum Pulse Width 'clk_div:delay|div_clk'
Slack : -1.000
TNS   : -3.000

------------------------------------------------------------
