------------------------------------------------------------
TimeQuest Timing Analyzer Summary
------------------------------------------------------------

Type  : Slow 1200mV 85C Model Setup 'SW_choose'
Slack : -10.932
TNS   : -534.142

Type  : Slow 1200mV 85C Model Setup 'clk_div:mem|div_clk'
Slack : -9.115
TNS   : -154.345

Type  : Slow 1200mV 85C Model Setup 'clk'
Slack : -3.955
TNS   : -377.931

Type  : Slow 1200mV 85C Model Setup 'clk_div:light|div_clk'
Slack : -3.287
TNS   : -119.347

Type  : Slow 1200mV 85C Model Setup 'clk_div:delay|div_clk'
Slack : -2.977
TNS   : -3.337

Type  : Slow 1200mV 85C Model Hold 'clk'
Slack : -0.641
TNS   : -0.641

Type  : Slow 1200mV 85C Model Hold 'SW_choose'
Slack : 0.185
TNS   : 0.000

Type  : Slow 1200mV 85C Model Hold 'clk_div:mem|div_clk'
Slack : 0.438
TNS   : 0.000

Type  : Slow 1200mV 85C Model Hold 'clk_div:delay|div_clk'
Slack : 0.485
TNS   : 0.000

Type  : Slow 1200mV 85C Model Hold 'clk_div:light|div_clk'
Slack : 2.116
TNS   : 0.000

Type  : Slow 1200mV 85C Model Minimum Pulse Width 'SW_choose'
Slack : -3.201
TNS   : -159.362

Type  : Slow 1200mV 85C Model Minimum Pulse Width 'clk_div:mem|div_clk'
Slack : -3.201
TNS   : -99.152

Type  : Slow 1200mV 85C Model Minimum Pulse Width 'clk'
Slack : -3.000
TNS   : -153.187

Type  : Slow 1200mV 85C Model Minimum Pulse Width 'clk_div:light|div_clk'
Slack : -1.487
TNS   : -68.402

Type  : Slow 1200mV 85C Model Minimum Pulse Width 'clk_div:delay|div_clk'
Slack : -1.487
TNS   : -4.461

Type  : Slow 1200mV 0C Model Setup 'SW_choose'
Slack : -10.203
TNS   : -492.205

Type  : Slow 1200mV 0C Model Setup 'clk_div:mem|div_clk'
Slack : -8.757
TNS   : -145.464

Type  : Slow 1200mV 0C Model Setup 'clk'
Slack : -3.698
TNS   : -346.729

Type  : Slow 1200mV 0C Model Setup 'clk_div:light|div_clk'
Slack : -3.114
TNS   : -111.338

Type  : Slow 1200mV 0C Model Setup 'clk_div:delay|div_clk'
Slack : -2.658
TNS   : -2.910

Type  : Slow 1200mV 0C Model Hold 'clk'
Slack : -0.610
TNS   : -0.610

Type  : Slow 1200mV 0C Model Hold 'SW_choose'
Slack : -0.134
TNS   : -0.702

Type  : Slow 1200mV 0C Model Hold 'clk_div:mem|div_clk'
Slack : 0.402
TNS   : 0.000

Type  : Slow 1200mV 0C Model Hold 'clk_div:delay|div_clk'
Slack : 0.430
TNS   : 0.000

Type  : Slow 1200mV 0C Model Hold 'clk_div:light|div_clk'
Slack : 2.060
TNS   : 0.000

Type  : Slow 1200mV 0C Model Minimum Pulse Width 'SW_choose'
Slack : -3.201
TNS   : -179.762

Type  : Slow 1200mV 0C Model Minimum Pulse Width 'clk_div:mem|div_clk'
Slack : -3.201
TNS   : -99.282

Type  : Slow 1200mV 0C Model Minimum Pulse Width 'clk'
Slack : -3.000
TNS   : -153.187

Type  : Slow 1200mV 0C Model Minimum Pulse Width 'clk_div:light|div_clk'
Slack : -1.487
TNS   : -68.402

Type  : Slow 1200mV 0C Model Minimum Pulse Width 'clk_div:delay|div_clk'
Slack : -1.487
TNS   : -4.630

Type  : Fast 1200mV 0C Model Setup 'SW_choose'
Slack : -4.016
TNS   : -184.737

Type  : Fast 1200mV 0C Model Setup 'clk_div:mem|div_clk'
Slack : -3.384
TNS   : -43.532

Type  : Fast 1200mV 0C Model Setup 'clk'
Slack : -1.154
TNS   : -102.276

Type  : Fast 1200mV 0C Model Setup 'clk_div:light|div_clk'
Slack : -0.727
TNS   : -19.853

Type  : Fast 1200mV 0C Model Setup 'clk_div:delay|div_clk'
Slack : -0.713
TNS   : -0.713

Type  : Fast 1200mV 0C Model Hold 'clk'
Slack : -0.265
TNS   : -0.333

Type  : Fast 1200mV 0C Model Hold 'clk_div:mem|div_clk'
Slack : 0.153
TNS   : 0.000

Type  : Fast 1200mV 0C Model Hold 'SW_choose'
Slack : 0.185
TNS   : 0.000

Type  : Fast 1200mV 0C Model Hold 'clk_div:delay|div_clk'
Slack : 0.201
TNS   : 0.000

Type  : Fast 1200mV 0C Model Hold 'clk_div:light|div_clk'
Slack : 0.749
TNS   : 0.000

Type  : Fast 1200mV 0C Model Minimum Pulse Width 'SW_choose'
Slack : -3.000
TNS   : -170.909

Type  : Fast 1200mV 0C Model Minimum Pulse Width 'clk'
Slack : -3.000
TNS   : -130.969

Type  : Fast 1200mV 0C Model Minimum Pulse Width 'clk_div:mem|div_clk'
Slack : -1.000
TNS   : -54.000

Type  : Fast 1200mV 0C Model Minimum Pulse Width 'clk_div:light|div_clk'
Slack : -1.000
TNS   : -46.000

Type  : Fast 1200mV 0C Model Minimum Pulse Width 'clk_div:delay|div_clk'
Slack : -1.000
TNS   : -3.000

------------------------------------------------------------
